// Vitest Snapshot v1, https://vitest.dev/guide/snapshot.html

exports[`ImageProcessingLoader > render ImageProcessingLoader correctly 1`] = `
<div>
  <div>
    Loading...
  </div>
</div>
`;
